// Jest Snapshot v1, https://goo.gl/fbAQLP

exports[`renders the Empty Missions component correctly 1`] = `
<div>
  <div
    style="display: flex; flex-direction: column; align-items: center;"
  >
    <table
      class="table table-striped table-bordered table-hover"
      style="width: 90%;"
    >
      <thead>
        <tr>
          <th>
            Mission
          </th>
          <th>
            Descripton
          </th>
          <th>
            Status
          </th>
          <th>
            <p
              style="display: none;"
            >
              Action
            </p>
          </th>
        </tr>
      </thead>
      <tbody />
    </table>
  </div>
</div>
`;
