// Jest Snapshot v1, https://goo.gl/fbAQLP

exports[`renders the Rockets component correctly 1`] = `
<div>
  <div
    class="container"
  >
    <div
      class="dragons"
    >
      <img
        alt="Falcon 1"
        class="images"
        src="https://imgur.com/DaCfMsj.jpg"
      />
      <div>
        <h2 />
        <p>
           
          The Falcon 1 was an expendable launch system privately developed and manufactured by SpaceX during 2006-2009. On 28 September 2008, Falcon 1 became the first privately-developed liquid-fuel launch vehicle to go into orbit around the Earth.
        </p>
        <button
          class="reserveButton"
          type="button"
        >
          Reserve Rocket
        </button>
      </div>
    </div>
    <div
      class="dragons"
    >
      <img
        alt="Falcon 9"
        class="images"
        src="https://farm1.staticflickr.com/929/28787338307_3453a11a77_b.jpg"
      />
      <div>
        <h2 />
        <p>
           
          Falcon 9 is a two-stage rocket designed and manufactured by SpaceX for the reliable and safe transport of satellites and the Dragon spacecraft into orbit.
        </p>
        <button
          class="reserveButton"
          type="button"
        >
          Reserve Rocket
        </button>
      </div>
    </div>
  </div>
</div>
`;
